I'm sorry, but errors were detected in your script. Please correct the
errors listed below, and try again.


File "game/script.rpy", line 8: stop requires a channel
    stop
        ^

Ren'Py Version: Ren'Py 8.0.3.22090809
Sun Apr  2 19:58:38 2023
